node : (node:10412) [MODULE_
TYPELESS_PACKAGE_JSON] 
Warning: Module type of file
:///E:/Usuarios/Sebas/Deskto
p/PUCE/QUINTO/Desarrollo%20d
e%20plataformas/Semana%2013/
jersey-club-ec-main/jersey-c
lub-ec/server/verify_fix.js 
is not specified and it 
doesn't parse as CommonJS.
En línea: 1 Carácter: 1
+ node verify_fix.js > 
error_log.txt 2>&1
+ ~~~~~~~~~~~~~~~~~~~~~~~~~~
~~~~~~~~~~~~~
    + CategoryInfo          
    : NotSpecified: ((node  
  :10412) [M...se as Comm   
 onJS.:String) [], Remot    
eException
    + FullyQualifiedErrorId 
    : NativeCommandError
 
Reparsing as ES module 
because module syntax was 
detected. This incurs a 
performance overhead.
To eliminate this warning, 
add "type": "module" to E:\U
suarios\Sebas\Desktop\PUCE\Q
UINTO\Desarrollo de 
plataformas\Semana 13\jersey
-club-ec-main\jersey-club-ec
\package.json.
(Use `node --trace-warnings 
...` to show where the 
warning was created)
≡ƒº¬ Verifying "FUT1" Category Query...
Γ¥î Failed: PrismaClientInit
ializationError: 
Invalid `prisma.producto.fin
dMany()` invocation:


Can't reach database server 
at `ep-hidden-salad-aheffw2j
.c-3.us-east-1.aws.neon.tech
`:`5432`

Please make sure your 
database server is running 
at `ep-hidden-salad-aheffw2j
.c-3.us-east-1.aws.neon.tech
`:`5432`.
    at 
In.handleRequestError (E:\Us
uarios\Sebas\Desktop\PUCE\QU
INTO\Desarrollo de 
plataformas\Semana 13\jersey
-club-ec-main\jersey-club-ec
\server\node_modules\@prisma
\client\runtime\library.js:1
23:7154)
    at 
In.handleAndLogRequestError 
(E:\Usuarios\Sebas\Desktop\P
UCE\QUINTO\Desarrollo de 
plataformas\Semana 13\jersey
-club-ec-main\jersey-club-ec
\server\node_modules\@prisma
\client\runtime\library.js:1
23:6188)
    at In.request (E:\Usuari
os\Sebas\Desktop\PUCE\QUINTO
\Desarrollo de 
plataformas\Semana 13\jersey
-club-ec-main\jersey-club-ec
\server\node_modules\@prisma
\client\runtime\library.js:1
23:5896)
    at async l (E:\Usuarios\
Sebas\Desktop\PUCE\QUINTO\De
sarrollo de 
plataformas\Semana 13\jersey
-club-ec-main\jersey-club-ec
\server\node_modules\@prisma
\client\runtime\library.js:1
28:10871)
    at async main (file:///E
:/Usuarios/Sebas/Desktop/PUC
E/QUINTO/Desarrollo%20de%20p
lataformas/Semana%2013/jerse
y-club-ec-main/jersey-club-e
c/server/verify_fix.js:14:26
) {
  clientVersion: '5.10.0',
  errorCode: undefined
}
